texture BWAL01
	pic BWAL01 tics 1
	pic BWAL02 tics 1
	pic BWAL03 tics 1
	pic BWAL04 tics 1
	pic BWAL05 tics 1
	pic BWAL06 tics 1
	pic BWAL07 tics 1
	pic BWAL08 tics 1
	pic BWAL09 tics 1
	pic BWAL10 tics 1
	pic BWAL11 tics 1
	pic BWAL12 tics 1
	pic BWAL13 tics 1
	pic BWAL14 tics 1
	pic BWAL15 tics 1
	pic BWAL16 tics 1
	pic BWAL17 tics 1
	pic BWAL18 tics 1
	pic BWAL19 tics 1
	pic BWAL20 tics 1
	pic BWAL21 tics 1
	pic BWAL22 tics 1
	pic BWAL23 tics 1
	pic BWAL24 tics 1
	pic BWAL25 tics 1
	pic BWAL26 tics 1
	pic BWAL27 tics 1
	pic BWAL28 tics 1
	pic BWAL29 tics 1
	pic BWAL30 tics 1
	pic BWAL31 tics 1
	pic BWAL32 tics 1
	pic BWAL33 tics 1
	pic BWAL34 tics 1
	pic BWAL35 tics 1
	pic BWAL36 tics 1
	pic BWAL37 tics 1
	pic BWAL38 tics 1
	pic BWAL39 tics 1
	pic BWAL40 tics 1
	pic BWAL41 tics 1
	pic BWAL01 tics 20
	pic BWAL42 tics 15
	pic BWAL01 tics 10
	pic BWAL42 tics 15
	pic BWAL01 tics 10
	pic BWAL42 tics 15
	pic BWAL01 tics 10
	pic BWAL42 tics 15
	pic BWAL01 tics 10

texture PAMMO01
	pic PAMMO01 tics 1
	pic PAMMO02 tics 1
	pic PAMMO03 tics 1
	pic PAMMO04 tics 1
	pic PAMMO05 tics 1
	pic PAMMO06 tics 1
	pic PAMMO07 tics 1

texture PHEAL01
	pic PHEAL01 tics 1
	pic PHEAL02 tics 1
	pic PHEAL03 tics 1
	pic PHEAL04 tics 1
	pic PHEAL05 tics 1
	pic PHEAL06 tics 1
	pic PHEAL07 tics 1
